// Jest Snapshot v1, https://goo.gl/fbAQLP

exports[`Details page component should render correctly 1`] = `
<SafeView>
  <Styled(Styled(View))
    alignItems="center"
    flex={1}
    justifyContent="center"
  >
    <Styled(Styled(Text))
      color="black"
      testID="details_title"
      variant="xLarge"
    >
      DÃ©tails
    </Styled(Styled(Text))>
    <Button
      onPress={[Function]}
      testID="back_button"
    >
      <Styled(Text)
        color="black"
        mt="medium"
        variant="regular"
      >
        Retour
      </Styled(Text)>
    </Button>
  </Styled(Styled(View))>
</SafeView>
`;
