// Jest Snapshot v1, https://goo.gl/fbAQLP

exports[`Details page component should render correctly 1`] = `
<Styled(View)
  alignItems="center"
  flex={1}
  justifyContent="center"
>
  <Text
    fontSize={4}
  >
    DÃ©tails
  </Text>
  <Button
    onPress={[Function]}
    testID="back-button"
  >
    <Text
      mt={3}
    >
      Retour
    </Text>
  </Button>
</Styled(View)>
`;
