// Jest Snapshot v1, https://goo.gl/fbAQLP

exports[`Github page component should render correctly 1`] = `
<Styled(View)
  alignItems="center"
  flex={1}
  justifyContent="center"
>
  <Query
    query={
      Object {
        "definitions": Array [
          Object {
            "directives": Array [],
            "kind": "OperationDefinition",
            "name": undefined,
            "operation": "query",
            "selectionSet": Object {
              "kind": "SelectionSet",
              "selections": Array [
                Object {
                  "alias": undefined,
                  "arguments": Array [],
                  "directives": Array [],
                  "kind": "Field",
                  "name": Object {
                    "kind": "Name",
                    "value": "viewer",
                  },
                  "selectionSet": Object {
                    "kind": "SelectionSet",
                    "selections": Array [
                      Object {
                        "alias": undefined,
                        "arguments": Array [],
                        "directives": Array [],
                        "kind": "Field",
                        "name": Object {
                          "kind": "Name",
                          "value": "login",
                        },
                        "selectionSet": undefined,
                      },
                      Object {
                        "alias": undefined,
                        "arguments": Array [],
                        "directives": Array [],
                        "kind": "Field",
                        "name": Object {
                          "kind": "Name",
                          "value": "avatarUrl",
                        },
                        "selectionSet": undefined,
                      },
                    ],
                  },
                },
              ],
            },
            "variableDefinitions": Array [],
          },
        ],
        "kind": "Document",
        "loc": Object {
          "end": 56,
          "start": 0,
        },
      }
    }
  >
    <Component />
  </Query>
</Styled(View)>
`;
